[2026-09-25 00:04:39] A100 专享算力集群训练启动 | 目标架构: LORA
[2026-09-25 00:04:39] 超参配置: 累积=16题/步, MicroBatch=16题/前向, 梯度检查点=关
[2026-09-25 00:05:20] 预处理完成: 训练集 20000 题, 验证集 1000 题
[2026-09-25 00:05:20] 正式开始训练: 总步数=2500, 每步处理 16 题
[2026-09-25 00:08:26] A100 专享算力集群训练启动 | 目标架构: LORA
[2026-09-25 00:08:26] 超参配置: 累积=16题/步, MicroBatch=8题/前向, 梯度检查点=关
[2026-09-25 00:08:52] 预处理完成: 训练集 20000 题, 验证集 1000 题
[2026-09-25 00:08:52] 正式开始训练: 总步数=2500, 每步处理 16 题
[2026-09-25 00:10:33] A100 专享算力集群训练启动 | 目标架构: LORA
[2026-09-25 00:10:33] 超参配置: 累积=16题/步, MicroBatch=4题/前向, 梯度检查点=关
[2026-09-25 00:10:58] 预处理完成: 训练集 20000 题, 验证集 1000 题
[2026-09-25 00:10:58] 正式开始训练: 总步数=2500, 每步处理 16 题
[2026-09-25 00:19:07] A100 专享算力集群训练启动 | 目标架构: LORA
[2026-09-25 00:19:07] 超参配置: 累积=16题/步, MicroBatch=16题/前向, 梯度检查点=开
[2026-09-25 00:19:32] 预处理完成: 训练集 20000 题, 验证集 1000 题
[2026-09-25 00:19:32] 正式开始训练: 总步数=2500, 每步处理 16 题
[2026-09-25 00:19:38] Step     1/2500 ( 0.0%) | Loss: 1.2451 | Acc:  37.5% | 5.43s/step ( 2.9 题/s) | 显存: 11.1G
[2026-09-25 00:20:00] Step    10/2500 ( 0.4%) | Loss: 1.3416 | Acc:  12.5% | 3.66s/step ( 4.4 题/s) | 显存: 13.8G
[2026-09-25 00:20:31] Step    20/2500 ( 0.8%) | Loss: 1.1335 | Acc:  56.2% | 4.87s/step ( 3.3 题/s) | 显存: 16.5G
[2026-09-25 00:21:07] Step    30/2500 ( 1.2%) | Loss: 1.0144 | Acc:  50.0% | 4.91s/step ( 3.3 题/s) | 显存: 19.1G
[2026-09-25 00:21:44] Step    40/2500 ( 1.6%) | Loss: 0.5526 | Acc:  81.2% | 4.76s/step ( 3.4 题/s) | 显存: 19.1G
[2026-09-25 00:22:19] Step    50/2500 ( 2.0%) | Loss: 0.6533 | Acc:  81.2% | 5.03s/step ( 3.2 题/s) | 显存: 19.1G
[2026-09-25 00:22:19] [CKPT] 自动落盘检查点: epoch-00-step-000050
[2026-09-25 00:22:52] Step    60/2500 ( 2.4%) | Loss: 0.8885 | Acc:  62.5% | 2.23s/step ( 7.2 题/s) | 显存: 19.1G
[2026-09-25 00:23:20] Step    70/2500 ( 2.8%) | Loss: 0.6458 | Acc:  75.0% | 3.04s/step ( 5.3 题/s) | 显存: 19.1G
[2026-09-25 00:23:50] Step    80/2500 ( 3.2%) | Loss: 1.0143 | Acc:  62.5% | 2.12s/step ( 7.5 题/s) | 显存: 19.1G
[2026-09-25 00:24:22] Step    90/2500 ( 3.6%) | Loss: 0.6697 | Acc:  68.8% | 3.32s/step ( 4.8 题/s) | 显存: 20.9G
[2026-09-25 00:24:57] Step   100/2500 ( 4.0%) | Loss: 0.8726 | Acc:  75.0% | 3.10s/step ( 5.2 题/s) | 显存: 20.9G
[2026-09-25 00:25:44] [EVAL] Step 100 评测完成 (耗时 47.7s): Acc=70.60%, NLL=0.7292
[2026-09-25 00:25:45] [CKPT] 自动落盘检查点: epoch-00-step-000100
[2026-09-25 00:26:31] Step   110/2500 ( 4.4%) | Loss: 0.6759 | Acc:  75.0% | 4.70s/step ( 3.4 题/s) | 显存: 27.7G
[2026-09-25 00:27:10] Step   120/2500 ( 4.8%) | Loss: 0.8904 | Acc:  56.2% | 3.27s/step ( 4.9 题/s) | 显存: 27.7G
[2026-09-25 00:27:35] Step   130/2500 ( 5.2%) | Loss: 0.8832 | Acc:  50.0% | 3.54s/step ( 4.5 题/s) | 显存: 27.7G
[2026-09-25 00:28:11] Step   140/2500 ( 5.6%) | Loss: 1.0211 | Acc:  56.2% | 5.30s/step ( 3.0 题/s) | 显存: 27.7G
[2026-09-25 00:28:47] Step   150/2500 ( 6.0%) | Loss: 1.0063 | Acc:  62.5% | 2.70s/step ( 5.9 题/s) | 显存: 27.7G
[2026-09-25 00:28:48] [CKPT] 自动落盘检查点: epoch-00-step-000150
[2026-09-25 00:29:31] Step   160/2500 ( 6.4%) | Loss: 0.3824 | Acc:  75.0% | 3.03s/step ( 5.3 题/s) | 显存: 27.7G
[2026-09-25 00:30:02] Step   170/2500 ( 6.8%) | Loss: 0.3111 | Acc:  87.5% | 1.61s/step (10.0 题/s) | 显存: 27.7G
[2026-09-25 00:30:29] Step   180/2500 ( 7.2%) | Loss: 0.3602 | Acc:  93.8% | 4.75s/step ( 3.4 题/s) | 显存: 27.7G
[2026-09-25 00:30:56] Step   190/2500 ( 7.6%) | Loss: 0.9297 | Acc:  56.2% | 1.45s/step (11.0 题/s) | 显存: 27.7G
[2026-09-25 00:31:26] Step   200/2500 ( 8.0%) | Loss: 0.6094 | Acc:  75.0% | 4.73s/step ( 3.4 题/s) | 显存: 27.7G
[2026-09-25 00:32:13] [EVAL] Step 200 评测完成 (耗时 47.7s): Acc=73.00%, NLL=0.6835
[2026-09-25 00:32:14] [CKPT] 自动落盘检查点: epoch-00-step-000200
[2026-09-25 00:32:41] Step   210/2500 ( 8.4%) | Loss: 0.6000 | Acc:  81.2% | 3.66s/step ( 4.4 题/s) | 显存: 27.7G
[2026-09-25 00:41:35] A100 专享算力集群训练启动 | 目标架构: LORA
[2026-09-25 00:41:35] 超参配置: 累积=16题/步, MicroBatch=4题/前向, 梯度检查点=开
[2026-09-25 00:42:21] 预处理完成: 训练集 20000 题, 验证集 1000 题
[2026-09-25 00:42:22] 断点恢复成功: 步数=200/2500, Epoch=1, 已读样本=3200
[2026-09-25 00:42:22] 正式开始训练: 总步数=2500, 每步处理 16 题
[2026-09-25 00:42:56] Step   210/2500 ( 8.4%) | Loss: 0.6062 | Acc:  75.0% | 3.53s/step ( 4.5 题/s) | 显存: 6.5G
[2026-09-25 00:43:21] Step   220/2500 ( 8.8%) | Loss: 0.3115 | Acc:  81.2% | 3.32s/step ( 4.8 题/s) | 显存: 9.3G
[2026-09-25 00:43:42] Step   230/2500 ( 9.2%) | Loss: 0.7606 | Acc:  68.8% | 2.32s/step ( 6.9 题/s) | 显存: 9.3G
[2026-09-25 00:44:07] Step   240/2500 ( 9.6%) | Loss: 0.8967 | Acc:  68.8% | 2.72s/step ( 5.9 题/s) | 显存: 9.3G
[2026-09-25 00:44:15] [STOP] 任务停止，已安全落盘检查点: epoch-00-step-000243
[2026-09-25 00:44:33] A100 专享算力集群训练启动 | 目标架构: LORA
[2026-09-25 00:44:33] 超参配置: 累积=16题/步, MicroBatch=8题/前向, 梯度检查点=开
[2026-09-25 00:45:01] 预处理完成: 训练集 20000 题, 验证集 1000 题
[2026-09-25 00:45:02] 断点恢复成功: 步数=243/2500, Epoch=1, 已读样本=3888
[2026-09-25 00:45:02] 正式开始训练: 总步数=2500, 每步处理 16 题
[2026-09-25 00:45:31] Step   250/2500 (10.0%) | Loss: 0.3008 | Acc:  93.8% | 1.87s/step ( 8.5 题/s) | 显存: 16.1G
[2026-09-25 00:45:31] [CKPT] 自动落盘检查点: epoch-00-step-000250
[2026-09-25 00:46:07] Step   260/2500 (10.4%) | Loss: 0.8409 | Acc:  75.0% | 2.62s/step ( 6.1 题/s) | 显存: 16.1G
[2026-09-25 00:46:37] Step   270/2500 (10.8%) | Loss: 0.9543 | Acc:  56.2% | 1.70s/step ( 9.4 题/s) | 显存: 16.1G
[2026-09-25 00:47:03] Step   280/2500 (11.2%) | Loss: 0.8089 | Acc:  62.5% | 1.95s/step ( 8.2 题/s) | 显存: 16.1G
[2026-09-25 00:47:37] Step   290/2500 (11.6%) | Loss: 0.6827 | Acc:  68.8% | 4.06s/step ( 3.9 题/s) | 显存: 16.1G
[2026-09-25 00:48:01] Step   300/2500 (12.0%) | Loss: 0.6726 | Acc:  62.5% | 1.67s/step ( 9.6 题/s) | 显存: 16.1G
[2026-09-25 00:48:54] [EVAL] Step 300 评测完成 (耗时 53.0s): Acc=74.80%, NLL=0.6169
[2026-09-25 00:48:54] [CKPT] 自动落盘检查点: epoch-00-step-000300
[2026-09-25 00:49:25] Step   310/2500 (12.4%) | Loss: 0.6332 | Acc:  75.0% | 4.45s/step ( 3.6 题/s) | 显存: 16.1G
[2026-09-25 00:49:58] Step   320/2500 (12.8%) | Loss: 0.6026 | Acc:  81.2% | 1.65s/step ( 9.7 题/s) | 显存: 16.1G
[2026-09-25 00:50:30] Step   330/2500 (13.2%) | Loss: 0.5578 | Acc:  81.2% | 2.55s/step ( 6.3 题/s) | 显存: 16.1G
[2026-09-25 00:51:03] Step   340/2500 (13.6%) | Loss: 0.7521 | Acc:  75.0% | 3.13s/step ( 5.1 题/s) | 显存: 16.1G
[2026-09-25 00:51:30] Step   350/2500 (14.0%) | Loss: 0.7140 | Acc:  75.0% | 3.49s/step ( 4.6 题/s) | 显存: 16.1G
[2026-09-25 00:51:30] [CKPT] 自动落盘检查点: epoch-00-step-000350
[2026-09-25 00:52:03] Step   360/2500 (14.4%) | Loss: 0.8308 | Acc:  62.5% | 3.60s/step ( 4.4 题/s) | 显存: 16.1G
[2026-09-25 00:52:26] Step   370/2500 (14.8%) | Loss: 0.4072 | Acc:  81.2% | 2.92s/step ( 5.5 题/s) | 显存: 16.1G
[2026-09-25 00:53:00] Step   380/2500 (15.2%) | Loss: 0.4635 | Acc:  87.5% | 4.05s/step ( 4.0 题/s) | 显存: 16.1G
[2026-09-25 00:53:30] Step   390/2500 (15.6%) | Loss: 0.2005 | Acc:  93.8% | 2.81s/step ( 5.7 题/s) | 显存: 16.1G
[2026-09-25 00:54:01] Step   400/2500 (16.0%) | Loss: 0.9021 | Acc:  62.5% | 3.89s/step ( 4.1 题/s) | 显存: 16.1G
[2026-09-25 00:54:54] [EVAL] Step 400 评测完成 (耗时 53.0s): Acc=77.00%, NLL=0.5961
[2026-09-25 00:54:54] [CKPT] 自动落盘检查点: epoch-00-step-000400
[2026-09-25 00:55:19] Step   410/2500 (16.4%) | Loss: 0.3678 | Acc:  81.2% | 2.64s/step ( 6.1 题/s) | 显存: 16.1G
[2026-09-25 00:55:51] Step   420/2500 (16.8%) | Loss: 0.5063 | Acc:  81.2% | 2.03s/step ( 7.9 题/s) | 显存: 16.1G
[2026-09-25 00:56:25] Step   430/2500 (17.2%) | Loss: 0.4038 | Acc:  93.8% | 4.14s/step ( 3.9 题/s) | 显存: 16.1G
[2026-09-25 00:56:55] Step   440/2500 (17.6%) | Loss: 0.6862 | Acc:  68.8% | 2.91s/step ( 5.5 题/s) | 显存: 16.1G
[2026-09-25 00:57:22] Step   450/2500 (18.0%) | Loss: 0.2527 | Acc:  93.8% | 4.24s/step ( 3.8 题/s) | 显存: 16.1G
[2026-09-25 00:57:22] [CKPT] 自动落盘检查点: epoch-00-step-000450
[2026-09-25 00:57:53] Step   460/2500 (18.4%) | Loss: 0.7549 | Acc:  68.8% | 1.93s/step ( 8.3 题/s) | 显存: 16.1G
[2026-09-25 00:58:27] Step   470/2500 (18.8%) | Loss: 0.4598 | Acc:  87.5% | 3.22s/step ( 5.0 题/s) | 显存: 16.1G
[2026-09-25 00:58:53] Step   480/2500 (19.2%) | Loss: 0.5130 | Acc:  81.2% | 1.54s/step (10.4 题/s) | 显存: 16.1G
[2026-09-25 00:59:19] Step   490/2500 (19.6%) | Loss: 0.8214 | Acc:  68.8% | 2.39s/step ( 6.7 题/s) | 显存: 16.1G
[2026-09-25 00:59:47] Step   500/2500 (20.0%) | Loss: 0.7195 | Acc:  68.8% | 2.23s/step ( 7.2 题/s) | 显存: 16.1G
[2026-09-25 01:00:40] [EVAL] Step 500 评测完成 (耗时 53.0s): Acc=75.30%, NLL=0.6064
[2026-09-25 01:00:40] [CKPT] 自动落盘检查点: epoch-00-step-000500
[2026-09-25 01:01:14] Step   510/2500 (20.4%) | Loss: 0.5903 | Acc:  75.0% | 2.71s/step ( 5.9 题/s) | 显存: 16.1G
[2026-09-25 01:01:44] Step   520/2500 (20.8%) | Loss: 0.5655 | Acc:  81.2% | 2.58s/step ( 6.2 题/s) | 显存: 16.1G
[2026-09-25 01:02:23] Step   530/2500 (21.2%) | Loss: 0.4420 | Acc:  81.2% | 4.34s/step ( 3.7 题/s) | 显存: 16.1G
[2026-09-25 01:02:54] Step   540/2500 (21.6%) | Loss: 0.5125 | Acc:  81.2% | 4.15s/step ( 3.9 题/s) | 显存: 16.1G
[2026-09-25 01:03:21] Step   550/2500 (22.0%) | Loss: 0.4670 | Acc:  87.5% | 2.09s/step ( 7.7 题/s) | 显存: 16.1G
[2026-09-25 01:03:21] [CKPT] 自动落盘检查点: epoch-00-step-000550
[2026-09-25 01:03:54] Step   560/2500 (22.4%) | Loss: 0.6642 | Acc:  87.5% | 2.76s/step ( 5.8 题/s) | 显存: 16.1G
[2026-09-25 01:04:23] Step   570/2500 (22.8%) | Loss: 1.0905 | Acc:  62.5% | 2.72s/step ( 5.9 题/s) | 显存: 16.1G
[2026-09-25 01:04:55] Step   580/2500 (23.2%) | Loss: 0.3244 | Acc:  93.8% | 3.46s/step ( 4.6 题/s) | 显存: 16.1G
[2026-09-25 01:05:24] Step   590/2500 (23.6%) | Loss: 0.2887 | Acc:  81.2% | 3.96s/step ( 4.0 题/s) | 显存: 16.1G
[2026-09-25 01:05:59] Step   600/2500 (24.0%) | Loss: 0.4588 | Acc:  81.2% | 2.78s/step ( 5.8 题/s) | 显存: 16.1G
[2026-09-25 01:06:52] [EVAL] Step 600 评测完成 (耗时 53.0s): Acc=76.80%, NLL=0.5652
[2026-09-25 01:06:52] [CKPT] 自动落盘检查点: epoch-00-step-000600
[2026-09-25 01:07:23] Step   610/2500 (24.4%) | Loss: 0.6615 | Acc:  75.0% | 4.37s/step ( 3.7 题/s) | 显存: 16.1G
[2026-09-25 01:07:57] Step   620/2500 (24.8%) | Loss: 0.5707 | Acc:  75.0% | 2.68s/step ( 6.0 题/s) | 显存: 16.1G
[2026-09-25 01:08:26] Step   630/2500 (25.2%) | Loss: 0.5340 | Acc:  81.2% | 2.23s/step ( 7.2 题/s) | 显存: 16.1G
[2026-09-25 01:09:00] Step   640/2500 (25.6%) | Loss: 0.4412 | Acc:  87.5% | 5.19s/step ( 3.1 题/s) | 显存: 16.1G
[2026-09-25 01:09:33] Step   650/2500 (26.0%) | Loss: 0.1223 | Acc: 100.0% | 1.57s/step (10.2 题/s) | 显存: 16.1G
[2026-09-25 01:09:33] [CKPT] 自动落盘检查点: epoch-00-step-000650
[2026-09-25 01:10:01] Step   660/2500 (26.4%) | Loss: 0.8839 | Acc:  75.0% | 2.07s/step ( 7.7 题/s) | 显存: 16.1G
[2026-09-25 01:10:06] [STOP] 任务停止，已安全落盘检查点: epoch-00-step-000662
[2026-09-25 01:12:43] A100 专享算力集群训练启动 | 目标架构: LORA
[2026-09-25 01:12:43] 超参配置: 累积=16题/步, MicroBatch=4题/前向, 梯度检查点=开
[2026-09-25 01:13:09] 预处理完成: 训练集 20000 题, 验证集 1000 题
[2026-09-25 01:13:09] 断点恢复成功: 步数=662/2500, Epoch=1, 已读样本=10592
[2026-09-25 01:13:09] 正式开始训练: 总步数=2500, 每步处理 16 题
[2026-09-25 01:13:27] Step   670/2500 (26.8%) | Loss: 0.5836 | Acc:  68.8% | 1.77s/step ( 9.0 题/s) | 显存: 7.2G
[2026-09-25 01:13:46] Step   680/2500 (27.2%) | Loss: 0.2775 | Acc:  87.5% | 2.38s/step ( 6.7 题/s) | 显存: 7.2G
[2026-09-25 01:14:05] Step   690/2500 (27.6%) | Loss: 0.5436 | Acc:  87.5% | 1.81s/step ( 8.9 题/s) | 显存: 7.4G
[2026-09-25 01:14:25] Step   700/2500 (28.0%) | Loss: 0.4730 | Acc:  81.2% | 2.25s/step ( 7.1 题/s) | 显存: 7.4G
[2026-09-25 01:15:13] [EVAL] Step 700 评测完成 (耗时 47.6s): Acc=76.70%, NLL=0.5671
[2026-09-25 01:15:13] [CKPT] 自动落盘检查点: epoch-00-step-000700
[2026-09-25 01:15:36] Step   710/2500 (28.4%) | Loss: 0.2982 | Acc:  87.5% | 2.07s/step ( 7.7 题/s) | 显存: 8.5G
[2026-09-25 01:15:55] Step   720/2500 (28.8%) | Loss: 0.6304 | Acc:  75.0% | 1.80s/step ( 8.9 题/s) | 显存: 8.5G
[2026-09-25 01:16:17] Step   730/2500 (29.2%) | Loss: 0.7237 | Acc:  62.5% | 2.08s/step ( 7.7 题/s) | 显存: 8.5G
[2026-09-25 01:16:39] Step   740/2500 (29.6%) | Loss: 0.6180 | Acc:  75.0% | 3.06s/step ( 5.2 题/s) | 显存: 8.5G
[2026-09-25 01:16:57] Step   750/2500 (30.0%) | Loss: 0.3278 | Acc:  81.2% | 1.90s/step ( 8.4 题/s) | 显存: 8.5G
[2026-09-25 01:16:57] [CKPT] 自动落盘检查点: epoch-00-step-000750
[2026-09-25 01:17:16] Step   760/2500 (30.4%) | Loss: 0.6204 | Acc:  68.8% | 1.56s/step (10.2 题/s) | 显存: 8.5G
[2026-09-25 01:17:36] Step   770/2500 (30.8%) | Loss: 0.7792 | Acc:  62.5% | 1.93s/step ( 8.3 题/s) | 显存: 8.5G
[2026-09-25 01:17:56] Step   780/2500 (31.2%) | Loss: 0.4968 | Acc:  81.2% | 2.19s/step ( 7.3 题/s) | 显存: 8.5G
[2026-09-25 01:18:16] Step   790/2500 (31.6%) | Loss: 0.6094 | Acc:  68.8% | 2.44s/step ( 6.6 题/s) | 显存: 8.5G
[2026-09-25 01:18:36] Step   800/2500 (32.0%) | Loss: 0.7491 | Acc:  68.8% | 1.76s/step ( 9.1 题/s) | 显存: 8.5G
[2026-09-25 01:19:24] [EVAL] Step 800 评测完成 (耗时 47.7s): Acc=77.40%, NLL=0.5886
[2026-09-25 01:19:24] [CKPT] 自动落盘检查点: epoch-00-step-000800
[2026-09-25 01:19:44] Step   810/2500 (32.4%) | Loss: 0.6621 | Acc:  75.0% | 2.31s/step ( 6.9 题/s) | 显存: 8.5G
[2026-09-25 01:20:05] Step   820/2500 (32.8%) | Loss: 0.1986 | Acc: 100.0% | 1.81s/step ( 8.9 题/s) | 显存: 8.5G
[2026-09-25 01:20:25] Step   830/2500 (33.2%) | Loss: 0.4321 | Acc:  87.5% | 2.10s/step ( 7.6 题/s) | 显存: 8.5G
[2026-09-25 01:20:44] Step   840/2500 (33.6%) | Loss: 0.7532 | Acc:  68.8% | 1.72s/step ( 9.3 题/s) | 显存: 8.5G
[2026-09-25 01:21:04] Step   850/2500 (34.0%) | Loss: 0.3387 | Acc:  87.5% | 2.98s/step ( 5.4 题/s) | 显存: 8.5G
[2026-09-25 01:21:04] [CKPT] 自动落盘检查点: epoch-00-step-000850
[2026-09-25 01:21:26] Step   860/2500 (34.4%) | Loss: 0.3596 | Acc:  93.8% | 3.83s/step ( 4.2 题/s) | 显存: 8.5G
[2026-09-25 01:21:44] Step   870/2500 (34.8%) | Loss: 0.8838 | Acc:  68.8% | 1.70s/step ( 9.4 题/s) | 显存: 8.5G
[2026-09-25 01:22:04] Step   880/2500 (35.2%) | Loss: 0.5500 | Acc:  75.0% | 2.34s/step ( 6.8 题/s) | 显存: 8.5G
[2026-09-25 01:22:24] Step   890/2500 (35.6%) | Loss: 0.3277 | Acc:  93.8% | 2.08s/step ( 7.7 题/s) | 显存: 8.5G
[2026-09-25 01:22:47] Step   900/2500 (36.0%) | Loss: 0.8385 | Acc:  68.8% | 1.75s/step ( 9.1 题/s) | 显存: 8.5G
[2026-09-25 01:23:35] [EVAL] Step 900 评测完成 (耗时 47.6s): Acc=77.80%, NLL=0.5551
[2026-09-25 01:23:35] [CKPT] 自动落盘检查点: epoch-00-step-000900
[2026-09-25 01:23:56] Step   910/2500 (36.4%) | Loss: 0.4635 | Acc:  75.0% | 1.72s/step ( 9.3 题/s) | 显存: 8.5G
[2026-09-25 01:24:19] Step   920/2500 (36.8%) | Loss: 0.4523 | Acc:  81.2% | 1.59s/step (10.1 题/s) | 显存: 8.5G
[2026-09-25 01:24:43] Step   930/2500 (37.2%) | Loss: 1.2741 | Acc:  56.2% | 1.63s/step ( 9.8 题/s) | 显存: 9.7G
[2026-09-25 01:25:03] Step   940/2500 (37.6%) | Loss: 0.4411 | Acc:  87.5% | 2.20s/step ( 7.3 题/s) | 显存: 9.7G
[2026-09-25 01:25:25] Step   950/2500 (38.0%) | Loss: 0.1644 | Acc:  93.8% | 1.96s/step ( 8.2 题/s) | 显存: 9.7G
[2026-09-25 01:25:25] [CKPT] 自动落盘检查点: epoch-00-step-000950
[2026-09-25 01:25:44] Step   960/2500 (38.4%) | Loss: 0.5368 | Acc:  68.8% | 2.52s/step ( 6.4 题/s) | 显存: 9.7G
[2026-09-25 01:26:05] Step   970/2500 (38.8%) | Loss: 0.7282 | Acc:  75.0% | 2.65s/step ( 6.0 题/s) | 显存: 9.7G
[2026-09-25 01:26:29] Step   980/2500 (39.2%) | Loss: 0.5706 | Acc:  75.0% | 2.16s/step ( 7.4 题/s) | 显存: 9.7G
[2026-09-25 01:26:48] Step   990/2500 (39.6%) | Loss: 0.6633 | Acc:  75.0% | 1.62s/step ( 9.9 题/s) | 显存: 9.7G
[2026-09-25 01:27:07] Step  1000/2500 (40.0%) | Loss: 0.3793 | Acc:  81.2% | 2.13s/step ( 7.5 题/s) | 显存: 9.7G
[2026-09-25 01:27:54] [EVAL] Step 1000 评测完成 (耗时 47.7s): Acc=77.50%, NLL=0.5583
[2026-09-25 01:27:55] [CKPT] 自动落盘检查点: epoch-00-step-001000
[2026-09-25 01:28:16] Step  1010/2500 (40.4%) | Loss: 0.3368 | Acc:  87.5% | 3.70s/step ( 4.3 题/s) | 显存: 9.7G
[2026-09-25 01:28:35] Step  1020/2500 (40.8%) | Loss: 0.7363 | Acc:  75.0% | 1.62s/step ( 9.9 题/s) | 显存: 9.7G
[2026-09-25 01:28:58] Step  1030/2500 (41.2%) | Loss: 0.4901 | Acc:  81.2% | 3.18s/step ( 5.0 题/s) | 显存: 9.7G
[2026-09-25 01:29:18] Step  1040/2500 (41.6%) | Loss: 0.5021 | Acc:  87.5% | 1.56s/step (10.3 题/s) | 显存: 9.7G
[2026-09-25 01:29:39] Step  1050/2500 (42.0%) | Loss: 0.5183 | Acc:  75.0% | 1.87s/step ( 8.6 题/s) | 显存: 9.7G
[2026-09-25 01:29:39] [CKPT] 自动落盘检查点: epoch-00-step-001050
[2026-09-25 01:30:01] Step  1060/2500 (42.4%) | Loss: 0.5029 | Acc:  87.5% | 2.32s/step ( 6.9 题/s) | 显存: 9.7G
[2026-09-25 01:30:19] Step  1070/2500 (42.8%) | Loss: 0.3202 | Acc:  93.8% | 1.90s/step ( 8.4 题/s) | 显存: 9.7G
[2026-09-25 01:30:41] Step  1080/2500 (43.2%) | Loss: 0.7772 | Acc:  68.8% | 2.27s/step ( 7.0 题/s) | 显存: 9.7G
[2026-09-25 01:30:59] Step  1090/2500 (43.6%) | Loss: 0.6532 | Acc:  68.8% | 1.59s/step (10.1 题/s) | 显存: 9.7G
[2026-09-25 01:31:19] Step  1100/2500 (44.0%) | Loss: 0.4995 | Acc:  75.0% | 1.60s/step (10.0 题/s) | 显存: 9.7G
[2026-09-25 01:32:06] [EVAL] Step 1100 评测完成 (耗时 47.7s): Acc=77.60%, NLL=0.5525
[2026-09-25 01:32:07] [CKPT] 自动落盘检查点: epoch-00-step-001100
[2026-09-25 01:32:27] Step  1110/2500 (44.4%) | Loss: 0.3584 | Acc:  87.5% | 1.77s/step ( 9.0 题/s) | 显存: 9.7G
[2026-09-25 01:32:47] Step  1120/2500 (44.8%) | Loss: 0.7042 | Acc:  75.0% | 2.65s/step ( 6.0 题/s) | 显存: 9.7G
[2026-09-25 01:33:05] Step  1130/2500 (45.2%) | Loss: 0.8203 | Acc:  50.0% | 1.61s/step ( 9.9 题/s) | 显存: 9.7G
[2026-09-25 01:33:25] Step  1140/2500 (45.6%) | Loss: 0.6818 | Acc:  75.0% | 2.56s/step ( 6.2 题/s) | 显存: 9.7G
[2026-09-25 01:33:47] Step  1150/2500 (46.0%) | Loss: 0.1918 | Acc:  93.8% | 1.89s/step ( 8.4 题/s) | 显存: 9.7G
[2026-09-25 01:33:47] [CKPT] 自动落盘检查点: epoch-00-step-001150
[2026-09-25 01:34:08] Step  1160/2500 (46.4%) | Loss: 0.5516 | Acc:  75.0% | 2.13s/step ( 7.5 题/s) | 显存: 9.7G
[2026-09-25 01:34:28] Step  1170/2500 (46.8%) | Loss: 0.4589 | Acc:  81.2% | 1.79s/step ( 8.9 题/s) | 显存: 9.7G
[2026-09-25 01:34:48] Step  1180/2500 (47.2%) | Loss: 0.4647 | Acc:  75.0% | 2.52s/step ( 6.4 题/s) | 显存: 9.7G
[2026-09-25 01:35:10] Step  1190/2500 (47.6%) | Loss: 0.7473 | Acc:  68.8% | 1.74s/step ( 9.2 题/s) | 显存: 9.7G
[2026-09-25 01:35:30] Step  1200/2500 (48.0%) | Loss: 0.3516 | Acc:  81.2% | 1.64s/step ( 9.7 题/s) | 显存: 9.7G
[2026-09-25 01:36:18] [EVAL] Step 1200 评测完成 (耗时 47.6s): Acc=77.90%, NLL=0.5426
[2026-09-25 01:36:18] [CKPT] 自动落盘检查点: epoch-00-step-001200
[2026-09-25 01:36:37] Step  1210/2500 (48.4%) | Loss: 0.3377 | Acc:  93.8% | 1.62s/step ( 9.9 题/s) | 显存: 9.7G
[2026-09-25 01:36:55] Step  1220/2500 (48.8%) | Loss: 0.7622 | Acc:  68.8% | 1.56s/step (10.2 题/s) | 显存: 9.7G
[2026-09-25 01:37:13] Step  1230/2500 (49.2%) | Loss: 0.6942 | Acc:  68.8% | 1.57s/step (10.2 题/s) | 显存: 9.7G
[2026-09-25 01:37:34] Step  1240/2500 (49.6%) | Loss: 0.6817 | Acc:  56.2% | 2.08s/step ( 7.7 题/s) | 显存: 9.7G
[2026-09-25 01:37:53] Step  1250/2500 (50.0%) | Loss: 1.2646 | Acc:  50.0% | 1.92s/step ( 8.3 题/s) | 显存: 9.7G
[2026-09-25 01:37:53] [CKPT] 自动落盘检查点: epoch-00-step-001250
[2026-09-25 01:38:14] Step  1260/2500 (50.4%) | Loss: 0.2911 | Acc:  87.5% | 1.80s/step ( 8.9 题/s) | 显存: 9.7G
[2026-09-25 01:38:34] Step  1270/2500 (50.8%) | Loss: 0.3714 | Acc:  87.5% | 2.21s/step ( 7.2 题/s) | 显存: 9.7G
[2026-09-25 01:38:56] Step  1280/2500 (51.2%) | Loss: 0.5115 | Acc:  81.2% | 3.09s/step ( 5.2 题/s) | 显存: 9.7G
[2026-09-25 01:39:15] Step  1290/2500 (51.6%) | Loss: 0.1999 | Acc:  93.8% | 1.64s/step ( 9.8 题/s) | 显存: 9.7G
[2026-09-25 01:39:35] Step  1300/2500 (52.0%) | Loss: 1.2587 | Acc:  68.8% | 2.39s/step ( 6.7 题/s) | 显存: 9.7G
[2026-09-25 01:40:22] [EVAL] Step 1300 评测完成 (耗时 47.7s): Acc=77.10%, NLL=0.6419
[2026-09-25 01:40:23] [CKPT] 自动落盘检查点: epoch-01-step-001300
[2026-09-25 01:40:43] Step  1310/2500 (52.4%) | Loss: 0.6736 | Acc:  87.5% | 1.87s/step ( 8.5 题/s) | 显存: 9.7G
[2026-09-25 01:41:02] Step  1320/2500 (52.8%) | Loss: 0.2162 | Acc:  93.8% | 1.58s/step (10.1 题/s) | 显存: 9.7G
[2026-09-25 01:41:21] Step  1330/2500 (53.2%) | Loss: 0.2557 | Acc:  87.5% | 1.56s/step (10.3 题/s) | 显存: 9.7G
[2026-09-25 01:41:41] Step  1340/2500 (53.6%) | Loss: 0.5972 | Acc:  81.2% | 2.55s/step ( 6.3 题/s) | 显存: 9.7G
[2026-09-25 01:41:59] Step  1350/2500 (54.0%) | Loss: 0.4941 | Acc:  81.2% | 1.80s/step ( 8.9 题/s) | 显存: 9.7G
[2026-09-25 01:41:59] [CKPT] 自动落盘检查点: epoch-01-step-001350
[2026-09-25 01:42:20] Step  1360/2500 (54.4%) | Loss: 0.1377 | Acc:  93.8% | 1.80s/step ( 8.9 题/s) | 显存: 9.7G
[2026-09-25 01:42:41] Step  1370/2500 (54.8%) | Loss: 0.1574 | Acc:  93.8% | 1.86s/step ( 8.6 题/s) | 显存: 9.7G
[2026-09-25 01:43:01] Step  1380/2500 (55.2%) | Loss: 0.3222 | Acc:  93.8% | 1.62s/step ( 9.8 题/s) | 显存: 9.7G
[2026-09-25 01:43:19] Step  1390/2500 (55.6%) | Loss: 0.3654 | Acc:  87.5% | 2.97s/step ( 5.4 题/s) | 显存: 9.7G
[2026-09-25 01:43:40] Step  1400/2500 (56.0%) | Loss: 0.1615 | Acc:  93.8% | 1.92s/step ( 8.3 题/s) | 显存: 9.7G
[2026-09-25 01:44:27] [EVAL] Step 1400 评测完成 (耗时 47.7s): Acc=77.40%, NLL=0.8367
[2026-09-25 01:44:28] [CKPT] 自动落盘检查点: epoch-01-step-001400
[2026-09-25 01:44:51] Step  1410/2500 (56.4%) | Loss: 0.0120 | Acc: 100.0% | 2.07s/step ( 7.7 题/s) | 显存: 9.7G
[2026-09-25 01:45:09] Step  1420/2500 (56.8%) | Loss: 0.0093 | Acc: 100.0% | 1.56s/step (10.3 题/s) | 显存: 9.7G
[2026-09-25 01:45:30] Step  1430/2500 (57.2%) | Loss: 0.0803 | Acc:  93.8% | 1.89s/step ( 8.5 题/s) | 显存: 9.7G
[2026-09-25 01:45:52] Step  1440/2500 (57.6%) | Loss: 0.1345 | Acc:  93.8% | 2.12s/step ( 7.5 题/s) | 显存: 9.7G
[2026-09-25 01:46:13] Step  1450/2500 (58.0%) | Loss: 0.0312 | Acc: 100.0% | 1.59s/step (10.1 题/s) | 显存: 9.7G
[2026-09-25 01:46:14] [CKPT] 自动落盘检查点: epoch-01-step-001450
[2026-09-25 01:46:34] Step  1460/2500 (58.4%) | Loss: 0.0969 | Acc:  93.8% | 2.29s/step ( 7.0 题/s) | 显存: 9.7G
[2026-09-25 01:46:52] Step  1470/2500 (58.8%) | Loss: 0.0601 | Acc:  93.8% | 1.89s/step ( 8.5 题/s) | 显存: 9.7G
[2026-09-25 01:47:12] Step  1480/2500 (59.2%) | Loss: 0.5335 | Acc:  87.5% | 1.56s/step (10.2 题/s) | 显存: 9.7G
[2026-09-25 01:47:33] Step  1490/2500 (59.6%) | Loss: 0.2835 | Acc:  93.8% | 2.79s/step ( 5.7 题/s) | 显存: 9.7G
[2026-09-25 01:47:54] Step  1500/2500 (60.0%) | Loss: 0.4721 | Acc:  87.5% | 1.64s/step ( 9.8 题/s) | 显存: 9.7G
[2026-09-25 01:48:42] [EVAL] Step 1500 评测完成 (耗时 47.7s): Acc=78.00%, NLL=0.6278
[2026-09-25 01:48:42] [CKPT] 自动落盘检查点: epoch-01-step-001500
[2026-09-25 01:49:03] Step  1510/2500 (60.4%) | Loss: 0.0672 | Acc: 100.0% | 2.05s/step ( 7.8 题/s) | 显存: 9.7G
[2026-09-25 01:49:25] Step  1520/2500 (60.8%) | Loss: 0.2121 | Acc:  93.8% | 1.82s/step ( 8.8 题/s) | 显存: 9.7G
[2026-09-25 01:49:44] Step  1530/2500 (61.2%) | Loss: 0.4160 | Acc:  87.5% | 2.15s/step ( 7.4 题/s) | 显存: 9.7G
[2026-09-25 01:52:43] A100 专享算力集群训练启动 | 目标架构: LORA
[2026-09-25 01:52:43] 超参配置: 累积=16题/步, MicroBatch=8题/前向, 梯度检查点=关
[2026-09-25 01:53:08] 预处理完成: 训练集 20000 题, 验证集 1000 题
[2026-09-25 01:53:08] 断点恢复成功: 步数=1500/2500, Epoch=2, 已读样本=4000
[2026-09-25 01:53:08] 正式开始训练: 总步数=2500, 每步处理 16 题
[2026-09-25 01:55:02] A100 专享算力集群训练启动 | 目标架构: LORA
[2026-09-25 01:55:02] 超参配置: 累积=16题/步, MicroBatch=8题/前向, 梯度检查点=开
[2026-09-25 01:55:27] 预处理完成: 训练集 20000 题, 验证集 1000 题
[2026-09-25 01:55:27] 断点恢复成功: 步数=1500/2500, Epoch=2, 已读样本=4000
[2026-09-25 01:55:27] 正式开始训练: 总步数=2500, 每步处理 16 题
[2026-09-25 01:55:56] Step  1510/2500 (60.4%) | Loss: 0.0577 | Acc: 100.0% | 2.33s/step ( 6.9 题/s) | 显存: 12.3G
[2026-09-25 01:56:27] Step  1520/2500 (60.8%) | Loss: 0.2143 | Acc:  93.8% | 1.97s/step ( 8.1 题/s) | 显存: 12.3G
[2026-09-25 01:56:48] Step  1530/2500 (61.2%) | Loss: 0.4250 | Acc:  87.5% | 2.32s/step ( 6.9 题/s) | 显存: 12.3G
[2026-09-25 01:57:15] Step  1540/2500 (61.6%) | Loss: 0.5638 | Acc:  81.2% | 1.67s/step ( 9.6 题/s) | 显存: 12.3G
[2026-09-25 01:59:21] A100 专享算力集群训练启动 | 目标架构: LORA
[2026-09-25 01:59:21] 超参配置: 累积=16题/步, MicroBatch=16题/前向, 梯度检查点=开
[2026-09-25 01:59:46] 预处理完成: 训练集 20000 题, 验证集 1000 题
[2026-09-25 01:59:46] 断点恢复成功: 步数=1500/2500, Epoch=2, 已读样本=4000
[2026-09-25 01:59:46] 正式开始训练: 总步数=2500, 每步处理 16 题
[2026-09-25 02:00:24] Step  1510/2500 (60.4%) | Loss: 0.0565 | Acc: 100.0% | 3.47s/step ( 4.6 题/s) | 显存: 20.3G
[2026-09-25 02:01:04] Step  1520/2500 (60.8%) | Loss: 0.2229 | Acc:  93.8% | 3.23s/step ( 5.0 题/s) | 显存: 20.3G
[2026-09-25 02:01:32] Step  1530/2500 (61.2%) | Loss: 0.4600 | Acc:  87.5% | 4.58s/step ( 3.5 题/s) | 显存: 20.3G
[2026-09-25 02:02:09] Step  1540/2500 (61.6%) | Loss: 0.5931 | Acc:  81.2% | 2.05s/step ( 7.8 题/s) | 显存: 20.3G
[2026-09-25 02:02:50] Step  1550/2500 (62.0%) | Loss: 0.3940 | Acc:  87.5% | 2.47s/step ( 6.5 题/s) | 显存: 22.2G
[2026-09-25 02:02:50] [CKPT] 自动落盘检查点: epoch-01-step-001550
[2026-09-25 02:03:26] Step  1560/2500 (62.4%) | Loss: 0.2145 | Acc:  93.8% | 5.33s/step ( 3.0 题/s) | 显存: 22.2G
[2026-09-25 02:03:59] Step  1570/2500 (62.8%) | Loss: 0.7007 | Acc:  81.2% | 4.80s/step ( 3.3 题/s) | 显存: 22.2G
[2026-09-25 02:04:33] Step  1580/2500 (63.2%) | Loss: 0.2111 | Acc:  93.8% | 4.03s/step ( 4.0 题/s) | 显存: 22.2G
[2026-09-25 02:05:05] Step  1590/2500 (63.6%) | Loss: 0.3513 | Acc:  93.8% | 2.83s/step ( 5.7 题/s) | 显存: 22.2G
[2026-09-25 02:05:38] Step  1600/2500 (64.0%) | Loss: 0.2346 | Acc:  87.5% | 6.18s/step ( 2.6 题/s) | 显存: 22.2G
[2026-09-25 02:06:26] [EVAL] Step 1600 评测完成 (耗时 47.6s): Acc=78.30%, NLL=0.6207
[2026-09-25 02:06:26] [CKPT] 自动落盘检查点: epoch-01-step-001600
[2026-09-25 02:07:04] Step  1610/2500 (64.4%) | Loss: 0.3670 | Acc:  87.5% | 2.67s/step ( 6.0 题/s) | 显存: 22.2G
[2026-09-25 02:07:32] [STOP] 任务停止，已安全落盘检查点: epoch-01-step-001615
[2026-09-25 02:07:47] A100 专享算力集群训练启动 | 目标架构: LORA
[2026-09-25 02:07:47] 超参配置: 累积=16题/步, MicroBatch=4题/前向, 梯度检查点=开
[2026-09-25 02:08:13] 预处理完成: 训练集 20000 题, 验证集 1000 题
[2026-09-25 02:08:13] 断点恢复成功: 步数=1615/2500, Epoch=2, 已读样本=5840
[2026-09-25 02:08:13] 正式开始训练: 总步数=2500, 每步处理 16 题
[2026-09-25 02:08:25] Step  1620/2500 (64.8%) | Loss: 0.0140 | Acc: 100.0% | 1.85s/step ( 8.6 题/s) | 显存: 7.5G
[2026-09-25 02:08:48] Step  1630/2500 (65.2%) | Loss: 0.2531 | Acc:  87.5% | 1.88s/step ( 8.5 题/s) | 显存: 7.5G
[2026-09-25 02:09:14] Step  1640/2500 (65.6%) | Loss: 0.5422 | Acc:  75.0% | 1.90s/step ( 8.4 题/s) | 显存: 9.6G
[2026-09-25 02:09:35] Step  1650/2500 (66.0%) | Loss: 0.2023 | Acc:  93.8% | 2.40s/step ( 6.7 题/s) | 显存: 9.6G
[2026-09-25 02:09:35] [CKPT] 自动落盘检查点: epoch-01-step-001650
[2026-09-25 02:10:01] Step  1660/2500 (66.4%) | Loss: 0.4409 | Acc:  75.0% | 1.66s/step ( 9.7 题/s) | 显存: 9.6G
[2026-09-25 02:10:21] Step  1670/2500 (66.8%) | Loss: 0.2008 | Acc:  93.8% | 2.87s/step ( 5.6 题/s) | 显存: 9.6G
[2026-09-25 02:10:45] Step  1680/2500 (67.2%) | Loss: 0.1446 | Acc:  93.8% | 3.22s/step ( 5.0 题/s) | 显存: 9.6G
[2026-09-25 02:11:07] Step  1690/2500 (67.6%) | Loss: 0.5286 | Acc:  81.2% | 2.20s/step ( 7.3 题/s) | 显存: 9.6G
[2026-09-25 02:11:27] Step  1700/2500 (68.0%) | Loss: 0.2568 | Acc:  87.5% | 1.64s/step ( 9.8 题/s) | 显存: 9.6G
[2026-09-25 02:12:15] [EVAL] Step 1700 评测完成 (耗时 47.6s): Acc=77.90%, NLL=0.6986
[2026-09-25 02:12:15] [CKPT] 自动落盘检查点: epoch-01-step-001700
[2026-09-25 02:12:35] Step  1710/2500 (68.4%) | Loss: 0.1317 | Acc:  93.8% | 2.22s/step ( 7.2 题/s) | 显存: 9.6G
[2026-09-25 02:12:57] Step  1720/2500 (68.8%) | Loss: 0.4063 | Acc:  81.2% | 1.92s/step ( 8.3 题/s) | 显存: 9.6G
[2026-09-25 02:13:17] Step  1730/2500 (69.2%) | Loss: 0.2698 | Acc:  87.5% | 1.92s/step ( 8.4 题/s) | 显存: 9.6G
[2026-09-25 02:13:37] Step  1740/2500 (69.6%) | Loss: 0.1270 | Acc:  93.8% | 1.57s/step (10.2 题/s) | 显存: 9.6G
[2026-09-25 02:14:01] Step  1750/2500 (70.0%) | Loss: 0.4054 | Acc:  75.0% | 1.67s/step ( 9.6 题/s) | 显存: 10.6G
[2026-09-25 02:14:01] [CKPT] 自动落盘检查点: epoch-01-step-001750
[2026-09-25 02:14:21] Step  1760/2500 (70.4%) | Loss: 0.1219 | Acc: 100.0% | 2.12s/step ( 7.5 题/s) | 显存: 10.6G
[2026-09-25 02:14:40] Step  1770/2500 (70.8%) | Loss: 0.1253 | Acc:  87.5% | 2.60s/step ( 6.1 题/s) | 显存: 10.6G
[2026-09-25 02:15:00] Step  1780/2500 (71.2%) | Loss: 0.3826 | Acc:  93.8% | 2.00s/step ( 8.0 题/s) | 显存: 10.6G
[2026-09-25 02:15:20] Step  1790/2500 (71.6%) | Loss: 0.1389 | Acc:  93.8% | 2.08s/step ( 7.7 题/s) | 显存: 10.6G
[2026-09-25 02:15:39] Step  1800/2500 (72.0%) | Loss: 0.1363 | Acc: 100.0% | 2.00s/step ( 8.0 题/s) | 显存: 10.6G
[2026-09-25 02:16:27] [EVAL] Step 1800 评测完成 (耗时 47.6s): Acc=77.90%, NLL=0.7278
[2026-09-25 02:16:27] [CKPT] 自动落盘检查点: epoch-01-step-001800
[2026-09-25 02:16:49] Step  1810/2500 (72.4%) | Loss: 0.5223 | Acc:  75.0% | 1.59s/step (10.1 题/s) | 显存: 10.6G
[2026-09-25 02:17:08] Step  1820/2500 (72.8%) | Loss: 0.0963 | Acc: 100.0% | 1.98s/step ( 8.1 题/s) | 显存: 10.6G
[2026-09-25 02:17:30] Step  1830/2500 (73.2%) | Loss: 0.5794 | Acc:  81.2% | 2.20s/step ( 7.3 题/s) | 显存: 10.6G
[2026-09-25 02:17:52] Step  1840/2500 (73.6%) | Loss: 0.2073 | Acc:  93.8% | 1.88s/step ( 8.5 题/s) | 显存: 10.6G
[2026-09-25 02:18:13] Step  1850/2500 (74.0%) | Loss: 0.2710 | Acc:  81.2% | 2.07s/step ( 7.7 题/s) | 显存: 10.6G
[2026-09-25 02:18:14] [CKPT] 自动落盘检查点: epoch-01-step-001850
[2026-09-25 02:18:36] Step  1860/2500 (74.4%) | Loss: 0.7929 | Acc:  81.2% | 1.66s/step ( 9.6 题/s) | 显存: 10.6G
[2026-09-25 02:18:56] Step  1870/2500 (74.8%) | Loss: 0.3877 | Acc:  81.2% | 1.84s/step ( 8.7 题/s) | 显存: 10.6G
[2026-09-25 02:19:16] Step  1880/2500 (75.2%) | Loss: 1.0942 | Acc:  87.5% | 2.19s/step ( 7.3 题/s) | 显存: 10.6G
[2026-09-25 02:19:38] Step  1890/2500 (75.6%) | Loss: 0.3384 | Acc:  81.2% | 1.83s/step ( 8.7 题/s) | 显存: 10.6G
[2026-09-25 02:19:57] Step  1900/2500 (76.0%) | Loss: 0.1424 | Acc:  93.8% | 1.75s/step ( 9.1 题/s) | 显存: 10.6G
[2026-09-25 02:20:44] [EVAL] Step 1900 评测完成 (耗时 47.6s): Acc=78.10%, NLL=0.7066
[2026-09-25 02:20:45] [CKPT] 自动落盘检查点: epoch-01-step-001900
[2026-09-25 02:21:04] Step  1910/2500 (76.4%) | Loss: 0.0249 | Acc: 100.0% | 1.79s/step ( 8.9 题/s) | 显存: 10.6G
[2026-09-25 02:21:23] Step  1920/2500 (76.8%) | Loss: 0.3410 | Acc:  81.2% | 1.73s/step ( 9.2 题/s) | 显存: 10.6G
[2026-09-25 02:21:43] Step  1930/2500 (77.2%) | Loss: 0.2203 | Acc:  87.5% | 1.96s/step ( 8.2 题/s) | 显存: 10.6G
[2026-09-25 02:22:02] Step  1940/2500 (77.6%) | Loss: 0.8108 | Acc:  75.0% | 2.29s/step ( 7.0 题/s) | 显存: 10.6G
[2026-09-25 02:22:21] Step  1950/2500 (78.0%) | Loss: 0.2832 | Acc:  87.5% | 1.82s/step ( 8.8 题/s) | 显存: 10.6G
[2026-09-25 02:22:21] [CKPT] 自动落盘检查点: epoch-01-step-001950
[2026-09-25 02:22:42] Step  1960/2500 (78.4%) | Loss: 0.1101 | Acc:  93.8% | 2.05s/step ( 7.8 题/s) | 显存: 10.6G
[2026-09-25 02:23:03] Step  1970/2500 (78.8%) | Loss: 0.3012 | Acc:  81.2% | 3.06s/step ( 5.2 题/s) | 显存: 10.6G
[2026-09-25 02:23:22] Step  1980/2500 (79.2%) | Loss: 0.9458 | Acc:  81.2% | 1.74s/step ( 9.2 题/s) | 显存: 10.6G
[2026-09-25 02:23:41] Step  1990/2500 (79.6%) | Loss: 0.1044 | Acc:  93.8% | 1.77s/step ( 9.0 题/s) | 显存: 10.6G
[2026-09-25 02:24:03] Step  2000/2500 (80.0%) | Loss: 0.0953 | Acc:  93.8% | 2.73s/step ( 5.9 题/s) | 显存: 10.6G
[2026-09-25 02:24:50] [EVAL] Step 2000 评测完成 (耗时 47.7s): Acc=77.90%, NLL=0.7045
[2026-09-25 02:24:51] [CKPT] 自动落盘检查点: epoch-01-step-002000
[2026-09-25 02:25:10] Step  2010/2500 (80.4%) | Loss: 0.1282 | Acc:  93.8% | 2.08s/step ( 7.7 题/s) | 显存: 10.6G
[2026-09-25 02:25:30] Step  2020/2500 (80.8%) | Loss: 0.1054 | Acc: 100.0% | 1.74s/step ( 9.2 题/s) | 显存: 10.6G
[2026-09-25 02:25:51] Step  2030/2500 (81.2%) | Loss: 0.2918 | Acc:  87.5% | 1.63s/step ( 9.8 题/s) | 显存: 10.6G
[2026-09-25 02:26:13] Step  2040/2500 (81.6%) | Loss: 0.2680 | Acc:  87.5% | 2.43s/step ( 6.6 题/s) | 显存: 10.6G
[2026-09-25 02:26:32] Step  2050/2500 (82.0%) | Loss: 0.3962 | Acc:  81.2% | 2.34s/step ( 6.8 题/s) | 显存: 10.6G
[2026-09-25 02:26:32] [CKPT] 自动落盘检查点: epoch-01-step-002050
[2026-09-25 02:26:51] Step  2060/2500 (82.4%) | Loss: 0.1434 | Acc:  93.8% | 2.09s/step ( 7.6 题/s) | 显存: 10.6G
[2026-09-25 02:27:13] Step  2070/2500 (82.8%) | Loss: 0.2769 | Acc:  93.8% | 2.41s/step ( 6.7 题/s) | 显存: 10.6G
[2026-09-25 02:27:34] Step  2080/2500 (83.2%) | Loss: 0.2904 | Acc:  87.5% | 2.68s/step ( 6.0 题/s) | 显存: 10.6G
[2026-09-25 02:27:55] Step  2090/2500 (83.6%) | Loss: 0.2268 | Acc:  87.5% | 1.86s/step ( 8.6 题/s) | 显存: 10.6G
[2026-09-25 02:28:17] Step  2100/2500 (84.0%) | Loss: 0.0377 | Acc: 100.0% | 2.15s/step ( 7.5 题/s) | 显存: 10.6G
[2026-09-25 02:29:05] [EVAL] Step 2100 评测完成 (耗时 47.6s): Acc=77.70%, NLL=0.7307
[2026-09-25 02:29:05] [CKPT] 自动落盘检查点: epoch-01-step-002100
[2026-09-25 02:29:26] Step  2110/2500 (84.4%) | Loss: 0.2080 | Acc:  93.8% | 2.28s/step ( 7.0 题/s) | 显存: 10.6G
[2026-09-25 02:29:47] Step  2120/2500 (84.8%) | Loss: 0.0252 | Acc: 100.0% | 2.30s/step ( 7.0 题/s) | 显存: 10.6G
[2026-09-25 02:30:09] Step  2130/2500 (85.2%) | Loss: 0.0553 | Acc: 100.0% | 2.83s/step ( 5.7 题/s) | 显存: 10.6G
[2026-09-25 02:30:31] Step  2140/2500 (85.6%) | Loss: 0.3287 | Acc:  87.5% | 2.78s/step ( 5.8 题/s) | 显存: 10.6G
[2026-09-25 02:30:51] Step  2150/2500 (86.0%) | Loss: 0.1569 | Acc:  93.8% | 2.11s/step ( 7.6 题/s) | 显存: 10.6G
[2026-09-25 02:30:51] [CKPT] 自动落盘检查点: epoch-01-step-002150
[2026-09-25 02:31:11] Step  2160/2500 (86.4%) | Loss: 0.0139 | Acc: 100.0% | 2.04s/step ( 7.8 题/s) | 显存: 10.6G
[2026-09-25 02:31:31] Step  2170/2500 (86.8%) | Loss: 0.4061 | Acc:  87.5% | 1.54s/step (10.4 题/s) | 显存: 10.6G
[2026-09-25 02:31:50] Step  2180/2500 (87.2%) | Loss: 0.1116 | Acc:  93.8% | 1.68s/step ( 9.5 题/s) | 显存: 10.6G
[2026-09-25 02:32:11] Step  2190/2500 (87.6%) | Loss: 0.1182 | Acc:  93.8% | 2.33s/step ( 6.9 题/s) | 显存: 10.6G
[2026-09-25 02:32:32] Step  2200/2500 (88.0%) | Loss: 0.1041 | Acc: 100.0% | 2.13s/step ( 7.5 题/s) | 显存: 10.6G
[2026-09-25 02:33:20] [EVAL] Step 2200 评测完成 (耗时 47.7s): Acc=77.70%, NLL=0.7425
[2026-09-25 02:33:20] [CKPT] 自动落盘检查点: epoch-01-step-002200
[2026-09-25 02:33:42] Step  2210/2500 (88.4%) | Loss: 0.7347 | Acc:  81.2% | 1.84s/step ( 8.7 题/s) | 显存: 10.6G
[2026-09-25 02:34:03] Step  2220/2500 (88.8%) | Loss: 0.8406 | Acc:  81.2% | 2.14s/step ( 7.5 题/s) | 显存: 10.6G
[2026-09-25 02:34:24] Step  2230/2500 (89.2%) | Loss: 0.0988 | Acc:  93.8% | 1.65s/step ( 9.7 题/s) | 显存: 10.6G
[2026-09-25 02:34:44] Step  2240/2500 (89.6%) | Loss: 0.0295 | Acc: 100.0% | 1.85s/step ( 8.6 题/s) | 显存: 10.6G
[2026-09-25 02:35:04] Step  2250/2500 (90.0%) | Loss: 0.0650 | Acc: 100.0% | 1.57s/step (10.2 题/s) | 显存: 10.6G
[2026-09-25 02:35:05] [CKPT] 自动落盘检查点: epoch-01-step-002250
[2026-09-25 02:35:23] Step  2260/2500 (90.4%) | Loss: 0.4687 | Acc:  87.5% | 1.93s/step ( 8.3 题/s) | 显存: 10.6G
[2026-09-25 02:35:41] Step  2270/2500 (90.8%) | Loss: 0.0764 | Acc:  93.8% | 2.50s/step ( 6.4 题/s) | 显存: 10.6G
[2026-09-25 02:36:03] Step  2280/2500 (91.2%) | Loss: 0.3916 | Acc:  87.5% | 1.75s/step ( 9.1 题/s) | 显存: 10.6G
[2026-09-25 02:36:22] Step  2290/2500 (91.6%) | Loss: 0.2512 | Acc:  87.5% | 1.63s/step ( 9.8 题/s) | 显存: 10.6G
[2026-09-25 02:36:43] Step  2300/2500 (92.0%) | Loss: 0.0893 | Acc: 100.0% | 2.33s/step ( 6.9 题/s) | 显存: 10.6G
[2026-09-25 02:37:31] [EVAL] Step 2300 评测完成 (耗时 47.6s): Acc=77.70%, NLL=0.7386
[2026-09-25 02:37:31] [CKPT] 自动落盘检查点: epoch-01-step-002300
[2026-09-25 02:37:53] Step  2310/2500 (92.4%) | Loss: 0.3848 | Acc:  75.0% | 1.65s/step ( 9.7 题/s) | 显存: 10.6G
[2026-09-25 02:38:12] Step  2320/2500 (92.8%) | Loss: 0.1336 | Acc:  93.8% | 1.77s/step ( 9.0 题/s) | 显存: 10.6G
[2026-09-25 02:38:30] Step  2330/2500 (93.2%) | Loss: 0.1694 | Acc:  93.8% | 1.56s/step (10.2 题/s) | 显存: 10.6G
[2026-09-25 02:38:49] Step  2340/2500 (93.6%) | Loss: 0.2287 | Acc:  87.5% | 1.61s/step (10.0 题/s) | 显存: 10.6G
[2026-09-25 02:39:09] Step  2350/2500 (94.0%) | Loss: 0.0893 | Acc: 100.0% | 1.93s/step ( 8.3 题/s) | 显存: 10.6G
[2026-09-25 02:39:09] [CKPT] 自动落盘检查点: epoch-01-step-002350
[2026-09-25 02:39:29] Step  2360/2500 (94.4%) | Loss: 0.2067 | Acc:  93.8% | 1.81s/step ( 8.8 题/s) | 显存: 10.6G
[2026-09-25 02:39:48] Step  2370/2500 (94.8%) | Loss: 0.0544 | Acc: 100.0% | 2.41s/step ( 6.6 题/s) | 显存: 10.6G
[2026-09-25 02:40:08] Step  2380/2500 (95.2%) | Loss: 0.1910 | Acc:  93.8% | 1.77s/step ( 9.0 题/s) | 显存: 10.6G
[2026-09-25 02:40:31] Step  2390/2500 (95.6%) | Loss: 0.5701 | Acc:  81.2% | 2.44s/step ( 6.6 题/s) | 显存: 10.6G
[2026-09-25 02:40:54] Step  2400/2500 (96.0%) | Loss: 0.3316 | Acc:  87.5% | 1.99s/step ( 8.1 题/s) | 显存: 10.6G
[2026-09-25 02:41:42] [EVAL] Step 2400 评测完成 (耗时 47.7s): Acc=77.60%, NLL=0.7353
[2026-09-25 02:41:42] [CKPT] 自动落盘检查点: epoch-01-step-002400
[2026-09-25 02:42:01] Step  2410/2500 (96.4%) | Loss: 0.0440 | Acc: 100.0% | 1.79s/step ( 9.0 题/s) | 显存: 10.6G
[2026-09-25 02:42:22] Step  2420/2500 (96.8%) | Loss: 0.4569 | Acc:  87.5% | 1.70s/step ( 9.4 题/s) | 显存: 10.6G
[2026-09-25 02:42:43] Step  2430/2500 (97.2%) | Loss: 0.3690 | Acc:  81.2% | 1.61s/step ( 9.9 题/s) | 显存: 10.6G
[2026-09-25 02:43:02] Step  2440/2500 (97.6%) | Loss: 0.3318 | Acc:  87.5% | 1.57s/step (10.2 题/s) | 显存: 10.6G
[2026-09-25 02:43:22] Step  2450/2500 (98.0%) | Loss: 0.5201 | Acc:  81.2% | 2.30s/step ( 7.0 题/s) | 显存: 10.6G
[2026-09-25 02:43:22] [CKPT] 自动落盘检查点: epoch-01-step-002450
[2026-09-25 02:43:42] Step  2460/2500 (98.4%) | Loss: 0.3848 | Acc:  93.8% | 1.76s/step ( 9.1 题/s) | 显存: 10.6G
[2026-09-25 02:44:01] Step  2470/2500 (98.8%) | Loss: 0.2017 | Acc:  87.5% | 2.22s/step ( 7.2 题/s) | 显存: 10.6G
[2026-09-25 02:44:25] Step  2480/2500 (99.2%) | Loss: 0.0540 | Acc: 100.0% | 2.22s/step ( 7.2 题/s) | 显存: 10.6G
[2026-09-25 02:44:46] Step  2490/2500 (99.6%) | Loss: 0.3669 | Acc:  81.2% | 2.76s/step ( 5.8 题/s) | 显存: 10.6G
[2026-09-25 02:45:07] Step  2500/2500 (100.0%) | Loss: 0.3549 | Acc:  87.5% | 1.99s/step ( 8.0 题/s) | 显存: 10.6G
[2026-09-25 02:45:55] [EVAL] Step 2500 评测完成 (耗时 47.7s): Acc=77.90%, NLL=0.7351
[2026-09-25 02:45:55] [CKPT] 自动落盘检查点: epoch-01-step-002500
[2026-09-25 02:45:55] 训练全部圆满完成! 总耗时: 37.71 分钟
