[2026-09-25 02:55:26] A100 专享算力集群训练启动 | 目标架构: LORA
[2026-09-25 02:55:26] 超参配置: 累积=16题/步, MicroBatch=4题/前向, 梯度检查点=开
[2026-09-25 02:58:47] A100 专享算力集群训练启动 | 目标架构: LORA
[2026-09-25 02:58:47] 超参配置: 累积=16题/步, MicroBatch=4题/前向, 梯度检查点=开
[2026-09-25 03:00:03] 预处理完成: 训练集 80000 题, 验证集 1000 题 (已释放原始内存)
[2026-09-25 03:00:03] 权重热启成功 (外部模型继承): 继承 LoRA 与 Score Head 权重，全新启动优化器与调度器，总目标步数=10000
[2026-09-25 03:00:03] 正式开始训练: 总步数=10000, 每步处理 16 题
[2026-09-25 03:00:15] Step     1/10000 ( 0.0%) | Loss: 0.5036 | Acc:  87.5% | 11.83s/step ( 1.4 题/s) | 显存: 6.3G
[2026-09-25 03:00:37] Step    10/10000 ( 0.1%) | Loss: 1.2216 | Acc:  75.0% | 1.96s/step ( 8.2 题/s) | 显存: 7.1G
[2026-09-25 03:00:49] [STOP] 任务停止，已安全落盘检查点: epoch-00-step-000015
[2026-09-25 03:11:11] A100 专享算力集群训练启动 | 目标架构: LORA
[2026-09-25 03:11:11] 超参配置: 累积=16题/步, MicroBatch=4题/前向, 梯度检查点=开
[2026-09-25 03:12:10] 预处理完成: 训练集 80000 题, 验证集 1000 题 (已释放原始内存)
[2026-09-25 03:12:10] 权重热启成功 (外部模型继承): 继承 LoRA 与 Score Head 权重，全新启动优化器与调度器，总目标步数=10000
[2026-09-25 03:12:10] 正式开始训练: 总步数=10000, 每步处理 16 题
[2026-09-25 03:12:14] Step     1/10000 ( 0.0%) | Loss: 0.5255 | Acc:  87.5% | 4.15s/step ( 3.9 题/s) | 显存: 6.3G
[2026-09-25 03:13:55] Step    50/10000 ( 0.5%) | Loss: 0.9500 | Acc:  68.8% | 1.67s/step ( 9.6 题/s) | 显存: 7.8G
[2026-09-25 03:15:40] Step   100/10000 ( 1.0%) | Loss: 0.5017 | Acc:  75.0% | 2.01s/step ( 7.9 题/s) | 显存: 8.0G
[2026-09-25 03:17:51] A100 专享算力集群训练启动 | 目标架构: LORA
[2026-09-25 03:17:51] 超参配置: 累积=16题/步, MicroBatch=4题/前向, 梯度检查点=开
[2026-09-25 03:18:49] 预处理完成: 训练集 80000 题, 验证集 1000 题 (已释放原始内存)
[2026-09-25 03:18:49] 权重热启成功 (外部模型继承): 继承 LoRA 与 Score Head 权重，全新启动优化器与调度器，总目标步数=10000
[2026-09-25 03:18:49] 正式开始训练: 总步数=10000, 每步处理 16 题
[2026-09-25 03:18:53] Step     1/10000 ( 0.0%) | Loss: 0.5677 | Acc:  81.2% | 4.09s/step ( 3.9 题/s) | 显存: 6.3G
[2026-09-25 03:20:34] Step    50/10000 ( 0.5%) | Loss: 1.0519 | Acc:  68.8% | 1.66s/step ( 9.6 题/s) | 显存: 7.8G
[2026-09-25 03:22:18] Step   100/10000 ( 1.0%) | Loss: 0.5233 | Acc:  75.0% | 2.00s/step ( 8.0 题/s) | 显存: 8.0G
[2026-09-25 03:24:02] Step   150/10000 ( 1.5%) | Loss: 1.3180 | Acc:  56.2% | 2.04s/step ( 7.8 题/s) | 显存: 8.7G
[2026-09-25 03:25:44] Step   200/10000 ( 2.0%) | Loss: 0.4165 | Acc:  93.8% | 1.64s/step ( 9.7 题/s) | 显存: 8.7G
[2026-09-25 03:27:27] Step   250/10000 ( 2.5%) | Loss: 0.7476 | Acc:  62.5% | 2.01s/step ( 7.9 题/s) | 显存: 10.1G
[2026-09-25 03:29:15] Step   300/10000 ( 3.0%) | Loss: 0.5416 | Acc:  68.8% | 1.90s/step ( 8.4 题/s) | 显存: 10.1G
[2026-09-25 03:31:00] Step   350/10000 ( 3.5%) | Loss: 0.7288 | Acc:  81.2% | 1.54s/step (10.4 题/s) | 显存: 10.1G
[2026-09-25 03:32:46] Step   400/10000 ( 4.0%) | Loss: 0.5819 | Acc:  87.5% | 1.84s/step ( 8.7 题/s) | 显存: 10.1G
[2026-09-25 03:34:28] Step   450/10000 ( 4.5%) | Loss: 0.7462 | Acc:  81.2% | 1.71s/step ( 9.3 题/s) | 显存: 10.1G
[2026-09-25 03:36:09] Step   500/10000 ( 5.0%) | Loss: 0.5646 | Acc:  68.8% | 1.56s/step (10.2 题/s) | 显存: 10.1G
[2026-09-25 03:36:57] [EVAL] Step 500 评测完成 (耗时 47.7s): Acc=78.50%, NLL=0.5465
[2026-09-25 03:36:57] [CKPT] 自动落盘检查点: epoch-00-step-000500
[2026-09-25 03:38:47] Step   550/10000 ( 5.5%) | Loss: 0.3391 | Acc:  81.2% | 1.93s/step ( 8.3 题/s) | 显存: 10.2G
[2026-09-25 03:40:30] Step   600/10000 ( 6.0%) | Loss: 0.3929 | Acc:  87.5% | 2.12s/step ( 7.6 题/s) | 显存: 10.2G
[2026-09-25 03:42:15] Step   650/10000 ( 6.5%) | Loss: 0.3129 | Acc:  87.5% | 2.78s/step ( 5.8 题/s) | 显存: 10.2G
[2026-09-25 03:43:57] Step   700/10000 ( 7.0%) | Loss: 0.3911 | Acc:  75.0% | 1.86s/step ( 8.6 题/s) | 显存: 10.2G
[2026-09-25 03:45:38] Step   750/10000 ( 7.5%) | Loss: 0.3731 | Acc:  81.2% | 2.02s/step ( 7.9 题/s) | 显存: 10.2G
[2026-09-25 03:47:21] Step   800/10000 ( 8.0%) | Loss: 0.5014 | Acc:  81.2% | 2.28s/step ( 7.0 题/s) | 显存: 10.2G
[2026-09-25 03:48:58] Step   850/10000 ( 8.5%) | Loss: 0.3478 | Acc:  87.5% | 1.60s/step (10.0 题/s) | 显存: 10.2G
[2026-09-25 03:50:40] Step   900/10000 ( 9.0%) | Loss: 0.6436 | Acc:  81.2% | 1.70s/step ( 9.4 题/s) | 显存: 10.2G
[2026-09-25 03:52:29] Step   950/10000 ( 9.5%) | Loss: 0.1415 | Acc: 100.0% | 3.37s/step ( 4.8 题/s) | 显存: 10.2G
[2026-09-25 03:54:15] Step  1000/10000 (10.0%) | Loss: 0.4105 | Acc:  81.2% | 3.29s/step ( 4.9 题/s) | 显存: 10.2G
[2026-09-25 03:55:03] [EVAL] Step 1000 评测完成 (耗时 47.7s): Acc=77.70%, NLL=0.5357
[2026-09-25 03:55:03] [CKPT] 自动落盘检查点: epoch-00-step-001000
[2026-09-25 03:56:42] Step  1050/10000 (10.5%) | Loss: 0.1685 | Acc: 100.0% | 1.58s/step (10.2 题/s) | 显存: 10.2G
[2026-09-25 03:58:27] Step  1100/10000 (11.0%) | Loss: 0.3688 | Acc:  87.5% | 1.93s/step ( 8.3 题/s) | 显存: 10.9G
[2026-09-25 04:00:11] Step  1150/10000 (11.5%) | Loss: 0.2832 | Acc:  87.5% | 3.51s/step ( 4.6 题/s) | 显存: 10.9G
[2026-09-25 04:02:03] Step  1200/10000 (12.0%) | Loss: 0.2684 | Acc:  87.5% | 2.08s/step ( 7.7 题/s) | 显存: 10.9G
[2026-09-25 04:03:46] Step  1250/10000 (12.5%) | Loss: 0.4764 | Acc:  93.8% | 2.03s/step ( 7.9 题/s) | 显存: 10.9G
[2026-09-25 04:05:27] Step  1300/10000 (13.0%) | Loss: 0.3557 | Acc:  87.5% | 1.89s/step ( 8.5 题/s) | 显存: 10.9G
[2026-09-25 04:07:11] Step  1350/10000 (13.5%) | Loss: 0.3289 | Acc:  81.2% | 1.86s/step ( 8.6 题/s) | 显存: 10.9G
[2026-09-25 04:08:54] Step  1400/10000 (14.0%) | Loss: 0.7856 | Acc:  56.2% | 2.49s/step ( 6.4 题/s) | 显存: 10.9G
[2026-09-25 04:10:35] Step  1450/10000 (14.5%) | Loss: 0.7475 | Acc:  75.0% | 1.73s/step ( 9.2 题/s) | 显存: 10.9G
[2026-09-25 04:12:22] Step  1500/10000 (15.0%) | Loss: 0.9995 | Acc:  75.0% | 2.33s/step ( 6.9 题/s) | 显存: 10.9G
[2026-09-25 04:13:10] [EVAL] Step 1500 评测完成 (耗时 47.7s): Acc=77.80%, NLL=0.5307
[2026-09-25 04:13:10] [CKPT] 自动落盘检查点: epoch-00-step-001500
[2026-09-25 04:14:50] Step  1550/10000 (15.5%) | Loss: 0.2834 | Acc:  93.8% | 2.12s/step ( 7.5 题/s) | 显存: 10.9G
[2026-09-25 04:16:37] Step  1600/10000 (16.0%) | Loss: 0.4544 | Acc:  75.0% | 1.65s/step ( 9.7 题/s) | 显存: 10.9G
[2026-09-25 04:18:25] Step  1650/10000 (16.5%) | Loss: 0.4645 | Acc:  81.2% | 1.78s/step ( 9.0 题/s) | 显存: 10.9G
[2026-09-25 04:20:11] Step  1700/10000 (17.0%) | Loss: 0.4431 | Acc:  75.0% | 3.37s/step ( 4.7 题/s) | 显存: 10.9G
[2026-09-25 04:21:49] Step  1750/10000 (17.5%) | Loss: 0.1266 | Acc:  93.8% | 1.68s/step ( 9.5 题/s) | 显存: 10.9G
[2026-09-25 04:23:32] Step  1800/10000 (18.0%) | Loss: 0.6521 | Acc:  75.0% | 1.83s/step ( 8.8 题/s) | 显存: 10.9G
[2026-09-25 04:25:17] Step  1850/10000 (18.5%) | Loss: 0.3496 | Acc:  81.2% | 2.30s/step ( 7.0 题/s) | 显存: 10.9G
[2026-09-25 04:27:04] Step  1900/10000 (19.0%) | Loss: 0.4730 | Acc:  81.2% | 3.36s/step ( 4.8 题/s) | 显存: 10.9G
[2026-09-25 04:28:43] Step  1950/10000 (19.5%) | Loss: 0.5952 | Acc:  75.0% | 1.63s/step ( 9.8 题/s) | 显存: 10.9G
[2026-09-25 04:30:22] Step  2000/10000 (20.0%) | Loss: 0.3666 | Acc:  81.2% | 1.53s/step (10.5 题/s) | 显存: 10.9G
[2026-09-25 04:31:10] [EVAL] Step 2000 评测完成 (耗时 47.7s): Acc=78.60%, NLL=0.5211
[2026-09-25 04:31:10] [CKPT] 自动落盘检查点: epoch-00-step-002000
[2026-09-25 04:32:54] Step  2050/10000 (20.5%) | Loss: 0.6787 | Acc:  75.0% | 2.37s/step ( 6.7 题/s) | 显存: 10.9G
[2026-09-25 04:34:43] Step  2100/10000 (21.0%) | Loss: 0.5669 | Acc:  68.8% | 2.57s/step ( 6.2 题/s) | 显存: 10.9G
[2026-09-25 04:36:28] Step  2150/10000 (21.5%) | Loss: 0.5245 | Acc:  81.2% | 1.60s/step (10.0 题/s) | 显存: 10.9G
[2026-09-25 04:38:11] Step  2200/10000 (22.0%) | Loss: 0.9260 | Acc:  68.8% | 2.25s/step ( 7.1 题/s) | 显存: 10.9G
[2026-09-25 04:39:51] Step  2250/10000 (22.5%) | Loss: 0.4374 | Acc:  87.5% | 1.58s/step (10.1 题/s) | 显存: 10.9G
[2026-09-25 04:41:34] Step  2300/10000 (23.0%) | Loss: 0.4245 | Acc:  75.0% | 2.36s/step ( 6.8 题/s) | 显存: 10.9G
[2026-09-25 04:43:21] Step  2350/10000 (23.5%) | Loss: 0.7415 | Acc:  87.5% | 1.52s/step (10.5 题/s) | 显存: 10.9G
[2026-09-25 04:45:07] Step  2400/10000 (24.0%) | Loss: 0.2299 | Acc:  93.8% | 2.02s/step ( 7.9 题/s) | 显存: 10.9G
[2026-09-25 04:46:56] Step  2450/10000 (24.5%) | Loss: 0.4927 | Acc:  87.5% | 2.44s/step ( 6.5 题/s) | 显存: 10.9G
[2026-09-25 04:48:42] Step  2500/10000 (25.0%) | Loss: 0.4760 | Acc:  81.2% | 2.63s/step ( 6.1 题/s) | 显存: 10.9G
[2026-09-25 04:49:30] [EVAL] Step 2500 评测完成 (耗时 47.7s): Acc=78.40%, NLL=0.5301
[2026-09-25 04:49:30] [CKPT] 自动落盘检查点: epoch-00-step-002500
[2026-09-25 04:51:07] Step  2550/10000 (25.5%) | Loss: 0.9014 | Acc:  81.2% | 1.53s/step (10.5 题/s) | 显存: 10.9G
[2026-09-25 04:52:52] Step  2600/10000 (26.0%) | Loss: 0.4513 | Acc:  81.2% | 2.95s/step ( 5.4 题/s) | 显存: 10.9G
[2026-09-25 04:54:39] Step  2650/10000 (26.5%) | Loss: 0.5045 | Acc:  87.5% | 1.54s/step (10.4 题/s) | 显存: 10.9G
[2026-09-25 04:56:27] Step  2700/10000 (27.0%) | Loss: 0.3581 | Acc:  87.5% | 1.67s/step ( 9.6 题/s) | 显存: 10.9G
[2026-09-25 04:58:11] Step  2750/10000 (27.5%) | Loss: 0.0678 | Acc: 100.0% | 1.88s/step ( 8.5 题/s) | 显存: 10.9G
[2026-09-25 05:00:05] Step  2800/10000 (28.0%) | Loss: 0.5725 | Acc:  81.2% | 2.89s/step ( 5.5 题/s) | 显存: 10.9G
[2026-09-25 05:01:46] Step  2850/10000 (28.5%) | Loss: 0.3258 | Acc:  87.5% | 1.85s/step ( 8.7 题/s) | 显存: 10.9G
[2026-09-25 05:03:23] Step  2900/10000 (29.0%) | Loss: 0.3724 | Acc:  87.5% | 1.68s/step ( 9.5 题/s) | 显存: 10.9G
[2026-09-25 05:05:08] Step  2950/10000 (29.5%) | Loss: 0.5963 | Acc:  75.0% | 1.55s/step (10.3 题/s) | 显存: 10.9G
[2026-09-25 05:06:53] Step  3000/10000 (30.0%) | Loss: 0.3185 | Acc:  87.5% | 2.84s/step ( 5.6 题/s) | 显存: 10.9G
[2026-09-25 05:07:40] [EVAL] Step 3000 评测完成 (耗时 47.7s): Acc=78.50%, NLL=0.5289
[2026-09-25 05:07:40] [CKPT] 自动落盘检查点: epoch-00-step-003000
[2026-09-25 05:09:27] Step  3050/10000 (30.5%) | Loss: 0.3321 | Acc:  93.8% | 1.73s/step ( 9.3 题/s) | 显存: 10.9G
[2026-09-25 05:11:11] Step  3100/10000 (31.0%) | Loss: 0.5283 | Acc:  75.0% | 1.84s/step ( 8.7 题/s) | 显存: 10.9G
[2026-09-25 05:12:56] Step  3150/10000 (31.5%) | Loss: 0.2154 | Acc:  93.8% | 1.89s/step ( 8.5 题/s) | 显存: 10.9G
[2026-09-25 05:14:39] Step  3200/10000 (32.0%) | Loss: 0.2575 | Acc:  93.8% | 1.99s/step ( 8.0 题/s) | 显存: 10.9G
[2026-09-25 05:16:16] Step  3250/10000 (32.5%) | Loss: 0.5076 | Acc:  75.0% | 1.61s/step ( 9.9 题/s) | 显存: 10.9G
[2026-09-25 05:17:59] Step  3300/10000 (33.0%) | Loss: 0.5134 | Acc:  81.2% | 2.05s/step ( 7.8 题/s) | 显存: 10.9G
[2026-09-25 05:19:46] Step  3350/10000 (33.5%) | Loss: 0.8110 | Acc:  62.5% | 2.82s/step ( 5.7 题/s) | 显存: 10.9G
[2026-09-25 05:21:29] Step  3400/10000 (34.0%) | Loss: 0.1855 | Acc:  87.5% | 1.58s/step (10.1 题/s) | 显存: 10.9G
[2026-09-25 05:23:10] Step  3450/10000 (34.5%) | Loss: 0.6063 | Acc:  81.2% | 2.48s/step ( 6.5 题/s) | 显存: 10.9G
[2026-09-25 05:24:51] Step  3500/10000 (35.0%) | Loss: 0.5760 | Acc:  81.2% | 2.01s/step ( 7.9 题/s) | 显存: 10.9G
[2026-09-25 05:25:39] [EVAL] Step 3500 评测完成 (耗时 47.7s): Acc=79.10%, NLL=0.5360
[2026-09-25 05:25:39] [CKPT] 自动落盘检查点: epoch-00-step-003500
[2026-09-25 05:27:24] Step  3550/10000 (35.5%) | Loss: 0.1581 | Acc:  93.8% | 1.63s/step ( 9.8 题/s) | 显存: 10.9G
[2026-09-25 05:29:08] Step  3600/10000 (36.0%) | Loss: 0.5880 | Acc:  81.2% | 1.60s/step (10.0 题/s) | 显存: 10.9G
[2026-09-25 05:30:49] Step  3650/10000 (36.5%) | Loss: 0.3494 | Acc:  87.5% | 2.24s/step ( 7.2 题/s) | 显存: 10.9G
[2026-09-25 05:32:31] Step  3700/10000 (37.0%) | Loss: 0.2002 | Acc:  93.8% | 1.57s/step (10.2 题/s) | 显存: 10.9G
[2026-09-25 05:34:12] Step  3750/10000 (37.5%) | Loss: 0.2255 | Acc:  93.8% | 2.45s/step ( 6.5 题/s) | 显存: 10.9G
[2026-09-25 05:36:02] Step  3800/10000 (38.0%) | Loss: 0.2928 | Acc:  81.2% | 2.28s/step ( 7.0 题/s) | 显存: 10.9G
[2026-09-25 05:37:43] Step  3850/10000 (38.5%) | Loss: 0.4017 | Acc:  87.5% | 3.03s/step ( 5.3 题/s) | 显存: 10.9G
[2026-09-25 05:39:25] Step  3900/10000 (39.0%) | Loss: 0.9334 | Acc:  75.0% | 1.67s/step ( 9.6 题/s) | 显存: 10.9G
[2026-09-25 05:41:15] Step  3950/10000 (39.5%) | Loss: 0.4885 | Acc:  75.0% | 1.68s/step ( 9.5 题/s) | 显存: 10.9G
[2026-09-25 05:42:58] Step  4000/10000 (40.0%) | Loss: 0.4042 | Acc:  81.2% | 1.97s/step ( 8.1 题/s) | 显存: 10.9G
[2026-09-25 05:43:46] [EVAL] Step 4000 评测完成 (耗时 47.7s): Acc=79.70%, NLL=0.5251
[2026-09-25 05:43:46] [CKPT] 自动落盘检查点: epoch-00-step-004000
[2026-09-25 05:45:28] Step  4050/10000 (40.5%) | Loss: 0.5209 | Acc:  81.2% | 3.37s/step ( 4.7 题/s) | 显存: 10.9G
[2026-09-25 05:47:13] Step  4100/10000 (41.0%) | Loss: 0.6806 | Acc:  81.2% | 1.59s/step (10.0 题/s) | 显存: 10.9G
[2026-09-25 05:49:00] Step  4150/10000 (41.5%) | Loss: 0.3941 | Acc:  87.5% | 2.46s/step ( 6.5 题/s) | 显存: 10.9G
[2026-09-25 05:50:44] Step  4200/10000 (42.0%) | Loss: 0.2665 | Acc:  93.8% | 1.88s/step ( 8.5 题/s) | 显存: 10.9G
[2026-09-25 05:52:22] Step  4250/10000 (42.5%) | Loss: 0.3560 | Acc:  81.2% | 1.76s/step ( 9.1 题/s) | 显存: 10.9G
[2026-09-25 05:54:02] Step  4300/10000 (43.0%) | Loss: 0.7330 | Acc:  75.0% | 1.65s/step ( 9.7 题/s) | 显存: 10.9G
[2026-09-25 05:55:51] Step  4350/10000 (43.5%) | Loss: 0.3135 | Acc:  93.8% | 2.23s/step ( 7.2 题/s) | 显存: 10.9G
[2026-09-25 05:57:35] Step  4400/10000 (44.0%) | Loss: 0.4572 | Acc:  75.0% | 2.18s/step ( 7.3 题/s) | 显存: 10.9G
[2026-09-25 05:59:21] Step  4450/10000 (44.5%) | Loss: 0.2820 | Acc:  87.5% | 2.19s/step ( 7.3 题/s) | 显存: 10.9G
[2026-09-25 06:01:04] Step  4500/10000 (45.0%) | Loss: 0.3398 | Acc:  75.0% | 2.40s/step ( 6.7 题/s) | 显存: 10.9G
[2026-09-25 06:01:52] [EVAL] Step 4500 评测完成 (耗时 47.7s): Acc=79.00%, NLL=0.5135
[2026-09-25 06:01:52] [CKPT] 自动落盘检查点: epoch-00-step-004500
[2026-09-25 06:03:44] Step  4550/10000 (45.5%) | Loss: 0.5631 | Acc:  75.0% | 1.55s/step (10.3 题/s) | 显存: 11.5G
[2026-09-25 06:05:25] Step  4600/10000 (46.0%) | Loss: 0.8059 | Acc:  68.8% | 3.48s/step ( 4.6 题/s) | 显存: 11.5G
[2026-09-25 06:07:05] Step  4650/10000 (46.5%) | Loss: 0.6679 | Acc:  75.0% | 1.84s/step ( 8.7 题/s) | 显存: 11.5G
[2026-09-25 06:08:51] Step  4700/10000 (47.0%) | Loss: 0.3386 | Acc:  87.5% | 1.74s/step ( 9.2 题/s) | 显存: 11.5G
[2026-09-25 06:10:37] Step  4750/10000 (47.5%) | Loss: 0.4503 | Acc:  81.2% | 1.88s/step ( 8.5 题/s) | 显存: 11.5G
[2026-09-25 06:12:22] Step  4800/10000 (48.0%) | Loss: 0.3121 | Acc:  87.5% | 2.65s/step ( 6.0 题/s) | 显存: 11.5G
[2026-09-25 06:13:59] Step  4850/10000 (48.5%) | Loss: 0.4426 | Acc:  75.0% | 1.70s/step ( 9.4 题/s) | 显存: 11.5G
[2026-09-25 06:15:45] Step  4900/10000 (49.0%) | Loss: 0.5799 | Acc:  75.0% | 2.00s/step ( 8.0 题/s) | 显存: 11.5G
[2026-09-25 06:17:35] Step  4950/10000 (49.5%) | Loss: 0.1930 | Acc:  93.8% | 2.78s/step ( 5.8 题/s) | 显存: 11.5G
[2026-09-25 06:19:22] Step  5000/10000 (50.0%) | Loss: 0.5297 | Acc:  81.2% | 3.02s/step ( 5.3 题/s) | 显存: 11.5G
[2026-09-25 06:20:10] [EVAL] Step 5000 评测完成 (耗时 47.7s): Acc=79.70%, NLL=0.5373
[2026-09-25 06:20:10] [CKPT] 自动落盘检查点: epoch-00-step-005000
[2026-09-25 06:21:53] Step  5050/10000 (50.5%) | Loss: 0.3250 | Acc:  87.5% | 1.69s/step ( 9.5 题/s) | 显存: 11.5G
[2026-09-25 06:23:35] Step  5100/10000 (51.0%) | Loss: 1.0572 | Acc:  81.2% | 2.39s/step ( 6.7 题/s) | 显存: 11.5G
[2026-09-25 06:25:19] Step  5150/10000 (51.5%) | Loss: 0.4539 | Acc:  81.2% | 1.98s/step ( 8.1 题/s) | 显存: 11.5G
[2026-09-25 06:27:05] Step  5200/10000 (52.0%) | Loss: 0.7340 | Acc:  87.5% | 3.74s/step ( 4.3 题/s) | 显存: 11.5G
[2026-09-25 06:28:49] Step  5250/10000 (52.5%) | Loss: 0.5891 | Acc:  81.2% | 3.46s/step ( 4.6 题/s) | 显存: 11.5G
[2026-09-25 06:30:39] Step  5300/10000 (53.0%) | Loss: 0.0810 | Acc: 100.0% | 1.88s/step ( 8.5 题/s) | 显存: 11.5G
[2026-09-25 06:32:21] Step  5350/10000 (53.5%) | Loss: 0.1451 | Acc: 100.0% | 1.57s/step (10.2 题/s) | 显存: 11.5G
[2026-09-25 06:34:11] Step  5400/10000 (54.0%) | Loss: 0.6081 | Acc:  81.2% | 1.54s/step (10.4 题/s) | 显存: 11.5G
[2026-09-25 06:35:57] Step  5450/10000 (54.5%) | Loss: 0.4438 | Acc:  81.2% | 2.92s/step ( 5.5 题/s) | 显存: 11.5G
[2026-09-25 06:37:45] Step  5500/10000 (55.0%) | Loss: 0.3659 | Acc:  87.5% | 1.92s/step ( 8.3 题/s) | 显存: 11.5G
[2026-09-25 06:38:32] [EVAL] Step 5500 评测完成 (耗时 47.7s): Acc=79.00%, NLL=0.6219
[2026-09-25 06:38:33] [CKPT] 自动落盘检查点: epoch-01-step-005500
[2026-09-25 06:40:21] Step  5550/10000 (55.5%) | Loss: 0.0353 | Acc: 100.0% | 2.30s/step ( 7.0 题/s) | 显存: 11.5G
[2026-09-25 06:42:13] Step  5600/10000 (56.0%) | Loss: 0.2759 | Acc:  87.5% | 1.63s/step ( 9.8 题/s) | 显存: 11.5G
[2026-09-25 06:43:57] Step  5650/10000 (56.5%) | Loss: 0.4585 | Acc:  81.2% | 2.36s/step ( 6.8 题/s) | 显存: 11.5G
[2026-09-25 06:45:40] Step  5700/10000 (57.0%) | Loss: 0.0493 | Acc: 100.0% | 2.30s/step ( 7.0 题/s) | 显存: 11.5G
[2026-09-25 06:47:22] Step  5750/10000 (57.5%) | Loss: 0.6139 | Acc:  75.0% | 2.98s/step ( 5.4 题/s) | 显存: 11.5G
[2026-09-25 06:49:06] Step  5800/10000 (58.0%) | Loss: 0.1013 | Acc:  93.8% | 2.63s/step ( 6.1 题/s) | 显存: 11.5G
[2026-09-25 06:50:50] Step  5850/10000 (58.5%) | Loss: 0.3258 | Acc:  87.5% | 1.82s/step ( 8.8 题/s) | 显存: 11.5G
[2026-09-25 06:52:38] Step  5900/10000 (59.0%) | Loss: 0.2703 | Acc:  87.5% | 2.17s/step ( 7.4 题/s) | 显存: 11.5G
[2026-09-25 06:54:24] Step  5950/10000 (59.5%) | Loss: 0.2285 | Acc:  93.8% | 2.03s/step ( 7.9 题/s) | 显存: 11.5G
[2026-09-25 06:56:07] Step  6000/10000 (60.0%) | Loss: 0.8159 | Acc:  62.5% | 2.67s/step ( 6.0 题/s) | 显存: 11.5G
[2026-09-25 06:56:54] [EVAL] Step 6000 评测完成 (耗时 47.6s): Acc=79.10%, NLL=0.6572
[2026-09-25 06:56:54] [CKPT] 自动落盘检查点: epoch-01-step-006000
[2026-09-25 06:58:40] Step  6050/10000 (60.5%) | Loss: 0.8188 | Acc:  81.2% | 2.79s/step ( 5.7 题/s) | 显存: 11.5G
[2026-09-25 07:00:20] Step  6100/10000 (61.0%) | Loss: 0.3338 | Acc:  87.5% | 1.60s/step (10.0 题/s) | 显存: 11.5G
[2026-09-25 07:02:10] Step  6150/10000 (61.5%) | Loss: 0.0950 | Acc:  93.8% | 1.94s/step ( 8.3 题/s) | 显存: 11.5G
[2026-09-25 07:03:57] Step  6200/10000 (62.0%) | Loss: 0.2128 | Acc:  93.8% | 2.46s/step ( 6.5 题/s) | 显存: 11.5G
[2026-09-25 07:05:38] Step  6250/10000 (62.5%) | Loss: 0.0211 | Acc: 100.0% | 1.60s/step (10.0 题/s) | 显存: 11.5G
[2026-09-25 07:07:18] Step  6300/10000 (63.0%) | Loss: 0.1755 | Acc:  93.8% | 1.74s/step ( 9.2 题/s) | 显存: 11.5G
[2026-09-25 07:08:58] Step  6350/10000 (63.5%) | Loss: 0.1789 | Acc:  93.8% | 2.04s/step ( 7.9 题/s) | 显存: 11.5G
[2026-09-25 07:10:40] Step  6400/10000 (64.0%) | Loss: 0.1815 | Acc:  93.8% | 1.85s/step ( 8.6 题/s) | 显存: 11.5G
[2026-09-25 07:12:23] Step  6450/10000 (64.5%) | Loss: 0.5240 | Acc:  68.8% | 1.66s/step ( 9.7 题/s) | 显存: 11.5G
[2026-09-25 07:14:07] Step  6500/10000 (65.0%) | Loss: 0.4789 | Acc:  93.8% | 2.22s/step ( 7.2 题/s) | 显存: 11.5G
[2026-09-25 07:14:55] [EVAL] Step 6500 评测完成 (耗时 47.7s): Acc=78.90%, NLL=0.6458
[2026-09-25 07:14:55] [CKPT] 自动落盘检查点: epoch-01-step-006500
[2026-09-25 07:16:33] Step  6550/10000 (65.5%) | Loss: 0.3233 | Acc:  87.5% | 2.36s/step ( 6.8 题/s) | 显存: 11.5G
